---
source: packages/parser/src/lexer/test.rs
expression: "pretty_tokenise(\"%*()\")"
---
"%*()": OTHER
